******************************************************************************
                  TI ARM Linker PC v18.1.1                     
******************************************************************************
>> Linked Fri Jul  6 16:27:51 2018

OUTPUT FILE NAME:   <adc14_single_conversion_repeat_timera_source_MSP_EXP432P401R_nortos_ccs.out>
ENTRY POINT SYMBOL: "_c_int00_noargs"  address: 00000561


MEMORY CONFIGURATION

         name            origin    length      used     unused   attr    fill
----------------------  --------  ---------  --------  --------  ----  --------
  MAIN                  00000000   00040000  0000061e  0003f9e2  R  X
  INFO                  00200000   00004000  00000000  00004000  R  X
  SRAM_CODE             01000000   00010000  00000a13  0000f5ed  RW X
  SRAM_DATA             20000000   00010000  00000a13  0000f5ed  RW  


SEGMENT ALLOCATION MAP

run origin  load origin   length   init length attrs members
----------  ----------- ---------- ----------- ----- -------
00000000    00000000    00000620   00000620    r-x
  00000000    00000000    000000e4   000000e4    r-- .intvecs
  000000e4    000000e4    000004e2   000004e2    r-x .text
  000005c8    000005c8    00000028   00000028    r-- .const
  000005f0    000005f0    00000030   00000030    r-- .cinit
20000000    20000000    00000816   00000000    rw-
  20000000    20000000    00000805   00000000    rw- .bss
  20000808    20000808    0000000e   00000000    rw- .data
2000fe00    2000fe00    00000200   00000000    rw-
  2000fe00    2000fe00    00000200   00000000    rw- .stack


SECTION ALLOCATION MAP

 output                                  attributes/
section   page    origin      length       input sections
--------  ----  ----------  ----------   ----------------
.intvecs   0    00000000    000000e4     
                  00000000    000000e4     startup_msp432p401r_ccs.obj (.intvecs:retain)

.text      0    000000e4    000004e2     
                  000000e4    00000148     adc14_single_conversion_repeat_timera_source.obj (.text:main)
                  0000022c    000000f8     adc14_single_conversion_repeat_timera_source.obj (.text:ADC14_IRQHandler)
                  00000324    0000009c     rtsv7M4_T_le_v4SPD16_eabi.lib : memcpy_t2.asm.obj (.text)
                  000003c0    0000007a                                   : memset_t2.asm.obj (.text)
                  0000043a    00000002     startup_msp432p401r_ccs.obj (.text:Default_Handler)
                  0000043c    00000078     system_msp432p401r.obj (.text:SystemInit)
                  000004b4    00000068     rtsv7M4_T_le_v4SPD16_eabi.lib : copy_decompress_lzss.c.obj (.text:decompress:lzss:__TI_decompress_lzss)
                  0000051c    00000044                                   : autoinit.c.obj (.text:__TI_auto_init_nobinit_nopinit:__TI_auto_init_nobinit_nopinit)
                  00000560    00000038                                   : boot_cortex_m.c.obj (.text:_c_int00_noargs:_c_int00_noargs)
                  00000598    0000000e                                   : copy_decompress_none.c.obj (.text:decompress:none:__TI_decompress_none)
                  000005a6    0000000c     startup_msp432p401r_ccs.obj (.text:Reset_Handler)
                  000005b2    0000000c     rtsv7M4_T_le_v4SPD16_eabi.lib : copy_zero_init.c.obj (.text:decompress:ZI:__TI_zero_init)
                  000005be    00000004                                   : pre_init.c.obj (.text:_system_pre_init)
                  000005c2    00000004                                   : exit.c.obj (.text:abort:abort)

.const     0    000005c8    00000028     
                  000005c8    00000018     adc14_single_conversion_repeat_timera_source.obj (.const:upModeConfig)
                  000005e0    00000010     adc14_single_conversion_repeat_timera_source.obj (.const:compareConfig)

.cinit     0    000005f0    00000030     
                  000005f0    0000000c     (__TI_handler_table)
                  000005fc    00000004     --HOLE-- [fill = 0]
                  00000600    00000008     (.cinit..bss.load) [load image, compression = zero_init]
                  00000608    00000007     (.cinit..data.load) [load image, compression = lzss]
                  0000060f    00000001     --HOLE-- [fill = 0]
                  00000610    00000010     (__TI_cinit_table)

.init_array 
*          0    00000000    00000000     UNINITIALIZED

.binit     0    00000000    00000000     

.bss       0    20000000    00000805     UNINITIALIZED
                  20000000    000007d0     adc14_single_conversion_repeat_timera_source.obj (.bss:MovAvgs)
                  200007d0    00000034     adc14_single_conversion_repeat_timera_source.obj (.bss:Readings)
                  20000804    00000001     adc14_single_conversion_repeat_timera_source.obj (.bss)

.data      0    20000808    0000000e     UNINITIALIZED
                  20000808    0000000e     adc14_single_conversion_repeat_timera_source.obj (.data)

.stack     0    2000fe00    00000200     UNINITIALIZED
                  2000fe00    00000004     rtsv7M4_T_le_v4SPD16_eabi.lib : boot_cortex_m.c.obj (.stack)
                  2000fe04    000001fc     --HOLE--

MODULE SUMMARY

       Module                                             code   ro data   rw data
       ------                                             ----   -------   -------
    .\
       adc14_single_conversion_repeat_timera_source.obj   576    40        4134   
       system_msp432p401r.obj                             120    0         0      
    +--+--------------------------------------------------+------+---------+---------+
       Total:                                             696    40        4134   
                                                                                  
    .\ccs\
       startup_msp432p401r_ccs.obj                        14     228       0      
    +--+--------------------------------------------------+------+---------+---------+
       Total:                                             14     228       0      
                                                                                  
    C:\ti\ccsv8\tools\compiler\ti-cgt-arm_18.1.1.LTS\lib\rtsv7M4_T_le_v4SPD16_eabi.lib
       memcpy_t2.asm.obj                                  156    0         0      
       memset_t2.asm.obj                                  122    0         0      
       copy_decompress_lzss.c.obj                         104    0         0      
       autoinit.c.obj                                     68     0         0      
       boot_cortex_m.c.obj                                56     0         0      
       copy_decompress_none.c.obj                         14     0         0      
       copy_zero_init.c.obj                               12     0         0      
       exit.c.obj                                         4      0         0      
       pre_init.c.obj                                     4      0         0      
    +--+--------------------------------------------------+------+---------+---------+
       Total:                                             540    0         0      
                                                                                  
       Stack:                                             0      0         1024   
       Linker Generated:                                  0      43        0      
    +--+--------------------------------------------------+------+---------+---------+
       Grand Total:                                       1250   311       5158   


LINKER GENERATED COPY TABLES

__TI_cinit_table @ 00000610 records: 2, size/record: 8, table size: 16
	.bss: load addr=00000600, load size=00000008 bytes, run addr=20000000, run size=00000805 bytes, compression=zero_init
	.data: load addr=00000608, load size=00000007 bytes, run addr=20000808, run size=0000000e bytes, compression=lzss


LINKER GENERATED HANDLER TABLE

__TI_handler_table @ 000005f0 records: 3, size/record: 4, table size: 12
	index: 0, handler: __TI_decompress_lzss
	index: 1, handler: __TI_decompress_none
	index: 2, handler: __TI_zero_init


GLOBAL SYMBOLS: SORTED ALPHABETICALLY BY Name 

address   name                          
-------   ----                          
0000022d  ADC14_IRQHandler              
0000022d  ADC14_IRQHandler              
0000043b  AES256_IRQHandler             
0000043b  BusFault_Handler              
000005c3  C$$EXIT                       
0000043b  COMP_E0_IRQHandler            
0000043b  COMP_E1_IRQHandler            
0000043b  CS_IRQHandler                 
0000043b  DMA_ERR_IRQHandler            
0000043b  DMA_INT0_IRQHandler           
0000043b  DMA_INT1_IRQHandler           
0000043b  DMA_INT2_IRQHandler           
0000043b  DMA_INT3_IRQHandler           
0000043b  DebugMon_Handler              
0000043b  Default_Handler               
0000043b  EUSCIA0_IRQHandler            
0000043b  EUSCIA1_IRQHandler            
0000043b  EUSCIA2_IRQHandler            
0000043b  EUSCIA3_IRQHandler            
0000043b  EUSCIB0_IRQHandler            
0000043b  EUSCIB1_IRQHandler            
0000043b  EUSCIB2_IRQHandler            
0000043b  EUSCIB3_IRQHandler            
0000043b  FLCTL_IRQHandler              
0000043b  FPU_IRQHandler                
0000043b  HardFault_Handler             
0000043b  MemManage_Handler             
0000043b  NMI_Handler                   
0000043b  PCM_IRQHandler                
0000043b  PORT1_IRQHandler              
0000043b  PORT2_IRQHandler              
0000043b  PORT3_IRQHandler              
0000043b  PORT4_IRQHandler              
0000043b  PORT5_IRQHandler              
0000043b  PORT6_IRQHandler              
0000043b  PSS_IRQHandler                
0000043b  PendSV_Handler                
0000043b  RTC_C_IRQHandler              
000005a7  Reset_Handler                 
0000043b  SVC_Handler                   
0000043b  SysTick_Handler               
0000043d  SystemInit                    
0000043b  T32_INT1_IRQHandler           
0000043b  T32_INT2_IRQHandler           
0000043b  T32_INTC_IRQHandler           
0000043b  TA0_0_IRQHandler              
0000043b  TA0_N_IRQHandler              
0000043b  TA1_0_IRQHandler              
0000043b  TA1_N_IRQHandler              
0000043b  TA2_0_IRQHandler              
0000043b  TA2_N_IRQHandler              
0000043b  TA3_0_IRQHandler              
0000043b  TA3_N_IRQHandler              
0000043b  UsageFault_Handler            
4000480c  WDTCTL_SYM                    
0000043b  WDT_A_IRQHandler              
20010000  __STACK_END                   
00000200  __STACK_SIZE                  
00000610  __TI_CINIT_Base               
00000620  __TI_CINIT_Limit              
000005f0  __TI_Handler_Table_Base       
000005fc  __TI_Handler_Table_Limit      
0000051d  __TI_auto_init_nobinit_nopinit
000004b5  __TI_decompress_lzss          
00000599  __TI_decompress_none          
ffffffff  __TI_pprof_out_hndl           
ffffffff  __TI_prof_data_size           
ffffffff  __TI_prof_data_start          
00000000  __TI_static_base__            
000005b3  __TI_zero_init                
000003c1  __aeabi_memclr                
000003c1  __aeabi_memclr4               
000003c1  __aeabi_memclr8               
00000325  __aeabi_memcpy                
00000325  __aeabi_memcpy4               
00000325  __aeabi_memcpy8               
000003c3  __aeabi_memset                
000003c3  __aeabi_memset4               
000003c3  __aeabi_memset8               
ffffffff  __binit__                     
ffffffff  __c_args__                    
UNDEFED   __mpu_init                    
2000fe00  __stack                       
00000561  _c_int00_noargs               
UNDEFED   _system_post_cinit            
000005bf  _system_pre_init              
000005c3  abort                         
ffffffff  binit                         
000005e0  compareConfig                 
00000000  interruptVectors              
000000e5  main                          
00000325  memcpy                        
000003c9  memset                        
000005c8  upModeConfig                  


GLOBAL SYMBOLS: SORTED BY Symbol Address 

address   name                          
-------   ----                          
00000000  __TI_static_base__            
00000000  interruptVectors              
000000e5  main                          
00000200  __STACK_SIZE                  
0000022d  ADC14_IRQHandler              
0000022d  ADC14_IRQHandler              
00000325  __aeabi_memcpy                
00000325  __aeabi_memcpy4               
00000325  __aeabi_memcpy8               
00000325  memcpy                        
000003c1  __aeabi_memclr                
000003c1  __aeabi_memclr4               
000003c1  __aeabi_memclr8               
000003c3  __aeabi_memset                
000003c3  __aeabi_memset4               
000003c3  __aeabi_memset8               
000003c9  memset                        
0000043b  AES256_IRQHandler             
0000043b  BusFault_Handler              
0000043b  COMP_E0_IRQHandler            
0000043b  COMP_E1_IRQHandler            
0000043b  CS_IRQHandler                 
0000043b  DMA_ERR_IRQHandler            
0000043b  DMA_INT0_IRQHandler           
0000043b  DMA_INT1_IRQHandler           
0000043b  DMA_INT2_IRQHandler           
0000043b  DMA_INT3_IRQHandler           
0000043b  DebugMon_Handler              
0000043b  Default_Handler               
0000043b  EUSCIA0_IRQHandler            
0000043b  EUSCIA1_IRQHandler            
0000043b  EUSCIA2_IRQHandler            
0000043b  EUSCIA3_IRQHandler            
0000043b  EUSCIB0_IRQHandler            
0000043b  EUSCIB1_IRQHandler            
0000043b  EUSCIB2_IRQHandler            
0000043b  EUSCIB3_IRQHandler            
0000043b  FLCTL_IRQHandler              
0000043b  FPU_IRQHandler                
0000043b  HardFault_Handler             
0000043b  MemManage_Handler             
0000043b  NMI_Handler                   
0000043b  PCM_IRQHandler                
0000043b  PORT1_IRQHandler              
0000043b  PORT2_IRQHandler              
0000043b  PORT3_IRQHandler              
0000043b  PORT4_IRQHandler              
0000043b  PORT5_IRQHandler              
0000043b  PORT6_IRQHandler              
0000043b  PSS_IRQHandler                
0000043b  PendSV_Handler                
0000043b  RTC_C_IRQHandler              
0000043b  SVC_Handler                   
0000043b  SysTick_Handler               
0000043b  T32_INT1_IRQHandler           
0000043b  T32_INT2_IRQHandler           
0000043b  T32_INTC_IRQHandler           
0000043b  TA0_0_IRQHandler              
0000043b  TA0_N_IRQHandler              
0000043b  TA1_0_IRQHandler              
0000043b  TA1_N_IRQHandler              
0000043b  TA2_0_IRQHandler              
0000043b  TA2_N_IRQHandler              
0000043b  TA3_0_IRQHandler              
0000043b  TA3_N_IRQHandler              
0000043b  UsageFault_Handler            
0000043b  WDT_A_IRQHandler              
0000043d  SystemInit                    
000004b5  __TI_decompress_lzss          
0000051d  __TI_auto_init_nobinit_nopinit
00000561  _c_int00_noargs               
00000599  __TI_decompress_none          
000005a7  Reset_Handler                 
000005b3  __TI_zero_init                
000005bf  _system_pre_init              
000005c3  C$$EXIT                       
000005c3  abort                         
000005c8  upModeConfig                  
000005e0  compareConfig                 
000005f0  __TI_Handler_Table_Base       
000005fc  __TI_Handler_Table_Limit      
00000610  __TI_CINIT_Base               
00000620  __TI_CINIT_Limit              
2000fe00  __stack                       
20010000  __STACK_END                   
4000480c  WDTCTL_SYM                    
ffffffff  __TI_pprof_out_hndl           
ffffffff  __TI_prof_data_size           
ffffffff  __TI_prof_data_start          
ffffffff  __binit__                     
ffffffff  __c_args__                    
ffffffff  binit                         
UNDEFED   __mpu_init                    
UNDEFED   _system_post_cinit            

[94 symbols]
